DATA//COMMON0/WARNING.TIM
DATA//COMMON0/WARNING.TIM
DATA//SOUND/VH.CC
DATA//SOUND/VH.CC
DATA//SOUND/MAIN.VB
DATA//SOUND/MAIN.VB
DATA//HQ/FLAGS.BIN
DATA//HQ/FLAGS.BIN
DATA//HQ/GAMETEXT.BIN
DATA//HQ/GAMETEXT.BIN
DATA//COMMON0/WARNING.TIM
DATA//COMMON0/WARNING.TIM
DATA//SOUND/VH.CC
DATA//SOUND/VH.CC
DATA//SOUND/MAIN.VB
DATA//SOUND/MAIN.VB
DATA//HQ/FLAGS.BIN
DATA//HQ/FLAGS.BIN
DATA//HQ/GAMETEXT.BIN
DATA//HQ/GAMETEXT.BIN
DATA//DOCKS/M0.CC
DATA//DOCKS/M0.CC
DATA//DOCKS/DOCKS1.CC
DATA//DOCKS/DOCKS1.CC
DATA//MISS0/E1UZI.BIN
DATA//MISS0/E1UZI.BIN
DATA//DOCKS/WATEXPFL.BIN
DATA//DOCKS/WATEXPFL.BIN
DATA//MISS0/E1MORTAR.BIN
DATA//MISS0/E1MORTAR.BIN
DATA//COMMON0/OVERBINS.BIN
DATA//COMMON0/OVERBINS.BIN
DATA//COMMON0/AA2.CC
DATA//COMMON0/AA2.CC
DATA//HQ/GAMETEXT.BIN
DATA//COMMON0/AA.CC
DATA//SOUND/VH.CC
DATA//SOUND/MAIN.VB
DATA//SOUND/DOCK.VB
DATA//SOUND/DOCK.VB
DATA//COMMON0/AA.CC
MUSIC/5.WAV
DATA//COMMON0/WARNING.TIM
DATA//COMMON0/WARNING.TIM
DATA//SOUND/VH.CC
DATA//SOUND/VH.CC
DATA//SOUND/MAIN.VB
DATA//SOUND/MAIN.VB
DATA//HQ/FLAGS.BIN
DATA//HQ/FLAGS.BIN
DATA//HQ/GAMETEXT.BIN
DATA//HQ/GAMETEXT.BIN
DATA//HQ/LOAD1.TIM
DATA//HQ/LOAD1.TIM
DATA//HQ/M11.CC
DATA//HQ/M11.CC
DATA//HQ/HQTEX.CC
DATA//HQ/HQTEX.CC
DATA//COMMON0/OVERBINS.BIN
DATA//COMMON0/OVERBINS.BIN
DATA//COMMON0/AA2.CC
DATA//COMMON0/AA2.CC
DATA//HQ/GAMETEXT.BIN
DATA//COMMON0/AA.CC
DATA//SOUND/VH.CC
DATA//SOUND/MAIN.VB
DATA//SOUND/AHQ.VB
DATA//SOUND/AHQ.VB
DATA//COMMON0/AA.CC
DATA//HQ/HQ.BIN
DATA//HQ/HQ.BIN
MUSIC/2.WAV
DATA//DOCKS/M0.CC
DATA//DOCKS/M0.CC
DATA//DOCKS/DOCKS1.CC
DATA//DOCKS/DOCKS1.CC
DATA//MISS0/E1UZI.BIN
DATA//MISS0/E1UZI.BIN
DATA//DOCKS/WATEXPFL.BIN
DATA//DOCKS/WATEXPFL.BIN
DATA//MISS0/E1MORTAR.BIN
DATA//MISS0/E1MORTAR.BIN
DATA//COMMON0/AA2.CC
DATA//SOUND/VH.CC
DATA//SOUND/MAIN.VB
DATA//SOUND/DOCK.VB
DATA//SOUND/DOCK.VB
DATA//COMMON0/AA.CC
MUSIC/5.WAV
DATA//HQ/LOAD2.TIM
DATA//HQ/LOAD2.TIM
DATA//HQ/M11.CC
DATA//HQ/HQTEX.CC
DATA//COMMON0/AA2.CC
DATA//SOUND/VH.CC
DATA//SOUND/MAIN.VB
DATA//SOUND/AHQ.VB
DATA//COMMON0/AA.CC
DATA//HQ/HQ.BIN
MUSIC/2.WAV
DATA//DOCKS/M2.CC
DATA//DOCKS/M2.CC
DATA//DOCKS/DOCKS1.CC
DATA//MISS0/G1MOVES.BIN
DATA//MISS0/G1MOVES.BIN
DATA//DOCKS/WATEXPFL.BIN
DATA//MISS0/E1UZI.BIN
DATA//COMMON0/AA2.CC
DATA//SOUND/VH.CC
DATA//SOUND/MAIN.VB
DATA//SOUND/DOCK.VB
DATA//SOUND/BFAL.VB
DATA//SOUND/BFAL.VB
DATA//COMMON0/AA.CC
MUSIC/7.WAV
DATA//HQ/TITLE.TIM
DATA//HQ/TITLE.TIM
DATA//HQ/M11.CC
DATA//HQ/HQTEX.CC
DATA//COMMON0/AA2.CC
DATA//SOUND/VH.CC
DATA//SOUND/MAIN.VB
DATA//SOUND/AHQ.VB
DATA//COMMON0/AA.CC
DATA//HQ/HQ.BIN
MUSIC/2.WAV
MUSIC/4.WAV
